<?xml version="1.0" encoding="utf-8"?>
<bom version="1" xmlns="http://cyclonedx.org/schema/bom/1.2">
  <components />
</bom>
