{
  "bomFormat": "CycloneDX",
  "specVersion": "1.2",
  "version": 1,
  "components": []
}
